[    0.000000] Initializing cgroup subsys cpuset
[    0.000000] Initializing cgroup subsys cpu
[    0.000000] Initializing cgroup subsys cpuacct
[    0.000000] Linux version 4.4.0-210-generic (buildd@lgw01-amd64-009) (gcc version 5.4.0 20160609 (Ubuntu 5.4.0-6ubuntu1~16.04.12) ) #242-Ubuntu SMP Fri Apr 16 09:57:56 UTC 2021 (Ubuntu 4.4.0-210.242-generic 4.4.262)
[    0.000000] Command line: BOOT_IMAGE=/boot/vmlinuz-4.4.0-210-generic root=LABEL=cloudimg-rootfs ro console=tty1 console=ttyS0
[    0.000000] KERNEL supported cpus:
[    0.000000]   Intel GenuineIntel
[    0.000000]   AMD AuthenticAMD
[    0.000000]   Centaur CentaurHauls
[    0.000000] x86/fpu: xstate_offset[2]:  576, xstate_sizes[2]:  256
[    0.000000] x86/fpu: Supporting XSAVE feature 0x01: 'x87 floating point registers'
[    0.000000] x86/fpu: Supporting XSAVE feature 0x02: 'SSE registers'
[    0.000000] x86/fpu: Supporting XSAVE feature 0x04: 'AVX registers'
[    0.000000] x86/fpu: Enabled xstate features 0x7, context size is 832 bytes, using 'standard' format.
[    0.000000] e820: BIOS-provided physical RAM map:
[    0.000000] BIOS-e820: [mem 0x0000000000000000-0x000000000009fbff] usable
[    0.000000] BIOS-e820: [mem 0x000000000009fc00-0x000000000009ffff] reserved
[    0.000000] BIOS-e820: [mem 0x00000000000f0000-0x00000000000fffff] reserved
[    0.000000] BIOS-e820: [mem 0x0000000000100000-0x0000000082deffff] usable
[    0.000000] BIOS-e820: [mem 0x0000000082df0000-0x0000000082dfffff] ACPI data
[    0.000000] BIOS-e820: [mem 0x00000000fec00000-0x00000000fec00fff] reserved
[    0.000000] BIOS-e820: [mem 0x00000000fee00000-0x00000000fee00fff] reserved
[    0.000000] BIOS-e820: [mem 0x00000000fffc0000-0x00000000ffffffff] reserved
[    0.000000] NX (Execute Disable) protection: active
[    0.000000] SMBIOS 2.5 present.
[    0.000000] Hypervisor detected: KVM
[    0.000000] e820: last_pfn = 0x82df0 max_arch_pfn = 0x400000000
[    0.000000] MTRR: Disabled
[    0.000000] x86/PAT: MTRRs disabled, skipping PAT initialization too.
[    0.000000] CPU MTRRs all blank - virtualized system.
[    0.000000] x86/PAT: Configuration [0-7]: WB  WT  UC- UC  WB  WT  UC- UC  
[    0.000000] found SMP MP-table at [mem 0x0009fff0-0x0009ffff] mapped at [ffff88000009fff0]
[    0.000000] Scanning 1 areas for low memory corruption
[    0.000000] RAMDISK: [mem 0x362dc000-0x37165fff]
[    0.000000] ACPI: Early table checksum verification disabled
[    0.000000] ACPI: RSDP 0x00000000000E0000 000024 (v02 VBOX  )
[    0.000000] ACPI: XSDT 0x0000000082DF0030 00003C (v01 VBOX   VBOXXSDT 00000001 ASL  00000061)
[    0.000000] ACPI: FACP 0x0000000082DF00F0 0000F4 (v04 VBOX   VBOXFACP 00000001 ASL  00000061)
[    0.000000] ACPI: DSDT 0x0000000082DF0470 002325 (v02 VBOX   VBOXBIOS 00000002 INTL 20190509)
[    0.000000] ACPI: FACS 0x0000000082DF0200 000040
[    0.000000] ACPI: FACS 0x0000000082DF0200 000040
[    0.000000] ACPI: APIC 0x0000000082DF0240 00005C (v02 VBOX   VBOXAPIC 00000001 ASL  00000061)
[    0.000000] ACPI: SSDT 0x0000000082DF02A0 0001CC (v01 VBOX   VBOXCPUT 00000002 INTL 20190509)
[    0.000000] No NUMA configuration found
[    0.000000] Faking a node at [mem 0x0000000000000000-0x0000000082deffff]
[    0.000000] NODE_DATA(0) allocated [mem 0x82deb000-0x82deffff]
[    0.000000] kvm-clock: Using msrs 4b564d01 and 4b564d00
[    0.000000] kvm-clock: cpu 0, msr 0:82de3001, primary cpu clock
[    0.000000] kvm-clock: using sched offset of 7590648643 cycles
[    0.000000] clocksource: kvm-clock: mask: 0xffffffffffffffff max_cycles: 0x1cd42e4dffb, max_idle_ns: 881590591483 ns
[    0.000000] Zone ranges:
[    0.000000]   DMA      [mem 0x0000000000001000-0x0000000000ffffff]
[    0.000000]   DMA32    [mem 0x0000000001000000-0x0000000082deffff]
[    0.000000]   Normal   empty
[    0.000000]   Device   empty
[    0.000000] Movable zone start for each node
[    0.000000] Early memory node ranges
[    0.000000]   node   0: [mem 0x0000000000001000-0x000000000009efff]
[    0.000000]   node   0: [mem 0x0000000000100000-0x0000000082deffff]
[    0.000000] Initmem setup node 0 [mem 0x0000000000001000-0x0000000082deffff]
[    0.000000] ACPI: PM-Timer IO Port: 0x4008
[    0.000000] IOAPIC[0]: apic_id 2, version 32, address 0xfec00000, GSI 0-23
[    0.000000] ACPI: INT_SRC_OVR (bus 0 bus_irq 0 global_irq 2 dfl dfl)
[    0.000000] ACPI: INT_SRC_OVR (bus 0 bus_irq 9 global_irq 9 low level)
[    0.000000] Using ACPI (MADT) for SMP configuration information
[    0.000000] smpboot: Allowing 2 CPUs, 0 hotplug CPUs
[    0.000000] PM: Registered nosave memory: [mem 0x00000000-0x00000fff]
[    0.000000] PM: Registered nosave memory: [mem 0x0009f000-0x0009ffff]
[    0.000000] PM: Registered nosave memory: [mem 0x000a0000-0x000effff]
[    0.000000] PM: Registered nosave memory: [mem 0x000f0000-0x000fffff]
[    0.000000] e820: [mem 0x82e00000-0xfebfffff] available for PCI devices
[    0.000000] Booting paravirtualized kernel on KVM
[    0.000000] clocksource: refined-jiffies: mask: 0xffffffff max_cycles: 0xffffffff, max_idle_ns: 7645519600211568 ns
[    0.000000] setup_percpu: NR_CPUS:512 nr_cpumask_bits:512 nr_cpu_ids:2 nr_node_ids:1
[    0.000000] PERCPU: Embedded 33 pages/cpu @ffff880082a00000 s95192 r8192 d31784 u1048576
[    0.000000] Built 1 zonelists in Node order, mobility grouping on.  Total pages: 527552
[    0.000000] Policy zone: DMA32
[    0.000000] Kernel command line: BOOT_IMAGE=/boot/vmlinuz-4.4.0-210-generic root=LABEL=cloudimg-rootfs ro console=tty1 console=ttyS0
[    0.000000] PID hash table entries: 4096 (order: 3, 32768 bytes)
[    0.000000] Memory: 2075040K/2143800K available (8644K kernel code, 1332K rwdata, 4044K rodata, 1492K init, 1164K bss, 68760K reserved, 0K cma-reserved)
[    0.000000] SLUB: HWalign=64, Order=0-3, MinObjects=0, CPUs=2, Nodes=1
[    0.000000] Kernel/User page tables isolation: enabled
[    0.000000] Hierarchical RCU implementation.
[    0.000000] 	Build-time adjustment of leaf fanout to 64.
[    0.000000] 	RCU restricting CPUs from NR_CPUS=512 to nr_cpu_ids=2.
[    0.000000] RCU: Adjusting geometry for rcu_fanout_leaf=64, nr_cpu_ids=2
[    0.000000] NR_IRQS:33024 nr_irqs:440 16
[    0.000000] Console: colour VGA+ 80x25
[    0.000000] console [tty1] enabled
[    0.000000] console [ttyS0] enabled
[    0.000000] tsc: Detected 2400.008 MHz processor
[    0.211135] Calibrating delay loop (skipped) preset value.. 4800.01 BogoMIPS (lpj=9600032)
[    0.213503] pid_max: default: 32768 minimum: 301
[    0.214887] ACPI: Core revision 20150930
[    0.218824] ACPI: 2 ACPI AML tables successfully acquired and loaded
[    0.220741] Security Framework initialized
[    0.221939] Yama: becoming mindful.
[    0.223013] AppArmor: AppArmor initialized
[    0.225319] Dentry cache hash table entries: 524288 (order: 10, 4194304 bytes)
[    0.230077] Inode-cache hash table entries: 262144 (order: 9, 2097152 bytes)
[    0.232684] Mount-cache hash table entries: 8192 (order: 4, 65536 bytes)
[    0.234371] Mountpoint-cache hash table entries: 8192 (order: 4, 65536 bytes)
[    0.242472] Initializing cgroup subsys io
[    0.248116] Initializing cgroup subsys memory
[    0.249405] Initializing cgroup subsys devices
[    0.250832] Initializing cgroup subsys freezer
[    0.252137] Initializing cgroup subsys net_cls
[    0.253443] Initializing cgroup subsys perf_event
[    0.254903] Initializing cgroup subsys net_prio
[    0.256256] Initializing cgroup subsys hugetlb
[    0.257603] Initializing cgroup subsys pids
[    0.273300] mce: CPU supports 0 MCE banks
[    0.274689] Last level iTLB entries: 4KB 64, 2MB 8, 4MB 8
[    0.276220] Last level dTLB entries: 4KB 64, 2MB 0, 4MB 0, 1GB 4
[    0.277860] Spectre V1 : Mitigation: usercopy/swapgs barriers and __user pointer sanitization
[    0.280499] Spectre V2 : Mitigation: Full generic retpoline
[    0.282111] Spectre V2 : Spectre v2 / SpectreRSB mitigation: Filling RSB on context switch
[    0.284506] Speculative Store Bypass: Vulnerable
[    0.285918] SRBDS: Unknown: Dependent on hypervisor status
[    0.288387] MDS: Mitigation: Clear CPU buffers
[    0.293191] Freeing SMP alternatives memory: 36K
[    0.302222] ftrace: allocating 32380 entries in 127 pages
[    0.371528] smpboot: APIC(0) Converting physical 0 to logical package 0
[    0.372979] smpboot: Max logical packages: 1
[    0.374210] x2apic enabled
[    0.376722] Switched APIC routing to physical x2apic.
[    0.379972] ..TIMER: vector=0x30 apic1=0 pin1=2 apic2=-1 pin2=-1
[    0.489710] smpboot: CPU0: Intel(R) Core(TM) i5-6200U CPU @ 2.30GHz (family: 0x6, model: 0x4e, stepping: 0x3)
[    0.492798] Performance Events: unsupported p6 CPU model 78 no PMU driver, software events only.
[    0.509470] KVM setup paravirtual spinlock
[    0.511906] x86: Booting SMP configuration:
[    0.513266] .... node  #0, CPUs:      #1
[    0.514795] kvm-clock: cpu 1, msr 0:82de3041, secondary cpu clock
[    0.531301] mce: CPU supports 0 MCE banks
[    0.534861] x86: Booted up 1 node, 2 CPUs
[    0.537849] smpboot: Total of 2 processors activated (9600.03 BogoMIPS)
[    0.542016] devtmpfs: initialized
[    0.546819] evm: security.selinux
[    0.548467] evm: security.SMACK64
[    0.550176] evm: security.SMACK64EXEC
[    0.551964] evm: security.SMACK64TRANSMUTE
[    0.553946] evm: security.SMACK64MMAP
[    0.555716] evm: security.ima
[    0.557249] evm: security.capability
[    0.559336] clocksource: jiffies: mask: 0xffffffff max_cycles: 0xffffffff, max_idle_ns: 7645041785100000 ns
[    0.563807] futex hash table entries: 512 (order: 3, 32768 bytes)
[    0.566789] pinctrl core: initialized pinctrl subsystem
[    0.568951] RTC time:  1:40:25, date: 11/20/21
[    0.570994] NET: Registered protocol family 16
[    0.581966] cpuidle: using governor ladder
[    0.593986] cpuidle: using governor menu
[    0.595329] PCCT header not found.
[    0.596618] ACPI: bus type PCI registered
[    0.598180] acpiphp: ACPI Hot Plug PCI Controller Driver version: 0.5
[    0.600575] PCI: Using configuration type 1 for base access
[    0.620131] ACPI: Added _OSI(Module Device)
[    0.624645] ACPI: Added _OSI(Processor Device)
[    0.625765] ACPI: Added _OSI(3.0 _SCP Extensions)
[    0.626958] ACPI: Added _OSI(Processor Aggregator Device)
[    0.630893] ACPI: Executed 1 blocks of module-level executable AML code
[    0.637472] ACPI: Interpreter enabled
[    0.638556] ACPI: (supports S0 S5)
[    0.640138] ACPI: Using IOAPIC for interrupt routing
[    0.641617] PCI: Using host bridge windows from ACPI; if necessary, use "pci=nocrs" and report a bug
[    0.648903] ACPI: PCI Root Bridge [PCI0] (domain 0000 [bus 00-ff])
[    0.655527] acpi PNP0A03:00: _OSC: OS supports [ASPM ClockPM Segments MSI]
[    0.664694] acpi PNP0A03:00: _OSC: not requesting OS control; OS requires [ExtendedConfig ASPM ClockPM MSI]
[    0.668835] acpi PNP0A03:00: fail to add MMCONFIG information, can't access extended PCI configuration space under this bridge.
[    0.674328] PCI host bridge to bus 0000:00
[    0.676508] pci_bus 0000:00: root bus resource [io  0x0000-0x0cf7 window]
[    0.678847] pci_bus 0000:00: root bus resource [io  0x0d00-0xffff window]
[    0.687392] pci_bus 0000:00: root bus resource [mem 0x000a0000-0x000bffff window]
[    0.690997] pci_bus 0000:00: root bus resource [mem 0x82e00000-0xfdffffff window]
[    0.693219] pci_bus 0000:00: root bus resource [bus 00-ff]
[    0.696313] pci 0000:00:01.1: legacy IDE quirk: reg 0x10: [io  0x01f0-0x01f7]
[    0.697866] pci 0000:00:01.1: legacy IDE quirk: reg 0x14: [io  0x03f6]
[    0.713195] pci 0000:00:01.1: legacy IDE quirk: reg 0x18: [io  0x0170-0x0177]
[    0.716356] pci 0000:00:01.1: legacy IDE quirk: reg 0x1c: [io  0x0376]
[    0.751794] pci 0000:00:07.0: quirk: [io  0x4000-0x403f] claimed by PIIX4 ACPI
[    0.754461] pci 0000:00:07.0: quirk: [io  0x4100-0x410f] claimed by PIIX4 SMB
[    0.791797] ACPI: PCI Interrupt Link [LNKA] (IRQs 5 9 10 *11)
[    0.794938] ACPI: PCI Interrupt Link [LNKB] (IRQs 5 9 *10 11)
[    0.798306] ACPI: PCI Interrupt Link [LNKC] (IRQs 5 *9 10 11)
[    0.801449] ACPI: PCI Interrupt Link [LNKD] (IRQs 5 9 10 *11)
[    0.805089] ACPI: Enabled 2 GPEs in block 00 to 07
[    0.808040] vgaarb: setting as boot device: PCI:0000:00:02.0
[    0.810694] vgaarb: device added: PCI:0000:00:02.0,decodes=io+mem,owns=io+mem,locks=none
[    0.813957] vgaarb: loaded
[    0.814892] vgaarb: bridge control possible 0000:00:02.0
[    0.817448] SCSI subsystem initialized
[    0.818908] ACPI: bus type USB registered
[    0.820226] usbcore: registered new interface driver usbfs
[    0.822172] usbcore: registered new interface driver hub
[    0.824311] usbcore: registered new device driver usb
[    0.826350] PCI: Using ACPI for IRQ routing
[    0.828150] NetLabel: Initializing
[    0.829473] NetLabel:  domain hash size = 128
[    0.831026] NetLabel:  protocols = UNLABELED CIPSOv4
[    0.832245] NetLabel:  unlabeled traffic allowed by default
[    0.833816] amd_nb: Cannot enumerate AMD northbridges
[    0.835469] clocksource: Switched to clocksource kvm-clock
[    0.848978] AppArmor: AppArmor Filesystem Enabled
[    0.851368] pnp: PnP ACPI init
[    0.853445] pnp: PnP ACPI: found 3 devices
[    0.864501] clocksource: acpi_pm: mask: 0xffffff max_cycles: 0xffffff, max_idle_ns: 2085701024 ns
[    0.867161] NET: Registered protocol family 2
[    0.869000] TCP established hash table entries: 32768 (order: 6, 262144 bytes)
[    0.872380] TCP bind hash table entries: 32768 (order: 7, 524288 bytes)
[    0.875003] TCP: Hash tables configured (established 32768 bind 32768)
[    0.877966] UDP hash table entries: 2048 (order: 4, 65536 bytes)
[    0.880521] UDP-Lite hash table entries: 2048 (order: 4, 65536 bytes)
[    0.882771] NET: Registered protocol family 1
[    0.884984] pci 0000:00:00.0: Limiting direct PCI/PCI transfers
[    0.887753] pci 0000:00:01.0: Activating ISA DMA hang workarounds
[    0.890763] Unpacking initramfs...
[    1.187740] Freeing initrd memory: 14888K
[    1.189923] clocksource: tsc: mask: 0xffffffffffffffff max_cycles: 0x22983f10a64, max_idle_ns: 440795218721 ns
[    1.193694] platform rtc_cmos: registered platform RTC device (no PNP device found)
[    1.196693] Scanning for low memory corruption every 60 seconds
[    1.199344] audit: initializing netlink subsys (disabled)
[    1.201325] audit: type=2000 audit(1637372434.856:1): initialized
[    1.203528] Initialise system trusted keyring
[    1.210836] HugeTLB registered 2 MB page size, pre-allocated 0 pages
[    1.214064] zbud: loaded
[    1.216511] VFS: Disk quotas dquot_6.6.0
[    1.217844] VFS: Dquot-cache hash table entries: 512 (order 0, 4096 bytes)
[    1.222902] squashfs: version 4.0 (2009/01/31) Phillip Lougher
[    1.225694] fuse init (API version 7.23)
[    1.227290] Key type big_key registered
[    1.228823] Allocating IMA MOK and blacklist keyrings.
[    1.238500] Key type asymmetric registered
[    1.240308] Asymmetric key parser 'x509' registered
[    1.243090] Block layer SCSI generic (bsg) driver version 0.4 loaded (major 249)
[    1.246226] io scheduler noop registered
[    1.247856] io scheduler deadline registered (default)
[    1.250424] io scheduler cfq registered
[    1.252518] pci_hotplug: PCI Hot Plug PCI Core version: 0.5
[    1.255060] pciehp: PCI Express Hot Plug Controller Driver version: 0.4
[    1.256916] ACPI: AC Adapter [AC] (on-line)
[    1.258324] input: Power Button as /devices/LNXSYSTM:00/LNXPWRBN:00/input/input0
[    1.260944] ACPI: Power Button [PWRF]
[    1.262178] input: Sleep Button as /devices/LNXSYSTM:00/LNXSLPBN:00/input/input1
[    1.265124] ACPI: Sleep Button [SLPF]
[    1.267294] ACPI: Battery Slot [BAT0] (battery present)
[    1.272266] GHES: HEST is not enabled!
[    1.274860] Serial: 8250/16550 driver, 32 ports, IRQ sharing enabled
[    1.298379] 00:02: ttyS0 at I/O 0x3f8 (irq = 4, base_baud = 115200) is a 16550A
[    1.303165] Linux agpgart interface v0.103
[    1.308376] loop: module loaded
[    1.310134] scsi host0: ata_piix
[    1.313460] scsi host1: ata_piix
[    1.314627] ata1: PATA max UDMA/33 cmd 0x1f0 ctl 0x3f6 bmdma 0xd000 irq 14
[    1.316728] ata2: PATA max UDMA/33 cmd 0x170 ctl 0x376 bmdma 0xd008 irq 15
[    1.318869] libphy: Fixed MDIO Bus: probed
[    1.320042] tun: Universal TUN/TAP device driver, 1.6
[    1.321341] tun: (C) 1999-2004 Max Krasnyansky <maxk@qualcomm.com>
[    1.323479] PPP generic driver version 2.4.2
[    1.325247] ehci_hcd: USB 2.0 'Enhanced' Host Controller (EHCI) Driver
[    1.326779] ehci-pci: EHCI PCI platform driver
[    1.328153] ehci-platform: EHCI generic platform driver
[    1.329640] ohci_hcd: USB 1.1 'Open' Host Controller (OHCI) Driver
[    1.331532] ohci-pci: OHCI PCI platform driver
[    1.333650] ohci-platform: OHCI generic platform driver
[    1.335162] uhci_hcd: USB Universal Host Controller Interface driver
[    1.336755] i8042: PNP: PS/2 Controller [PNP0303:PS2K,PNP0f03:PS2M] at 0x60,0x64 irq 1,12
[    1.340018] serio: i8042 KBD port at 0x60,0x64 irq 1
[    1.341630] serio: i8042 AUX port at 0x60,0x64 irq 12
[    1.343870] mousedev: PS/2 mouse device common for all mice
[    1.346042] input: AT Translated Set 2 keyboard as /devices/platform/i8042/serio0/input/input2
[    1.351199] rtc_cmos rtc_cmos: rtc core: registered rtc_cmos as rtc0
[    1.353009] rtc_cmos rtc_cmos: alarms up to one day, 114 bytes nvram
[    1.354691] i2c /dev entries driver
[    1.355899] device-mapper: uevent: version 1.0.3
[    1.357333] device-mapper: ioctl: 4.34.0-ioctl (2015-10-28) initialised: dm-devel@redhat.com
[    1.359758] ledtrig-cpu: registered to indicate activity on CPUs
[    1.362287] NET: Registered protocol family 10
[    1.365116] NET: Registered protocol family 17
[    1.366412] Key type dns_resolver registered
[    1.370396] registered taskstats version 1
[    1.371703] Loading compiled-in X.509 certificates
[    1.374129] Loaded X.509 cert 'Build time autogenerated kernel key: cf00e047681d67edb2720680708b7d9498083038'
[    1.377236] zswap: loaded using pool lzo/zbud
[    1.385324] Key type trusted registered
[    1.390673] Key type encrypted registered
[    1.391939] AppArmor: AppArmor sha1 policy hashing enabled
[    1.393588] ima: No TPM chip found, activating TPM-bypass!
[    1.397565] ima: Allocated hash algorithm: sha1
[    1.399619] evm: HMAC attrs: 0x1
[    1.401194]   Magic number: 13:768:660
[    1.403404] rtc_cmos rtc_cmos: setting system clock to 2021-11-20 01:40:26 UTC (1637372426)
[    1.407294] BIOS EDD facility v0.16 2004-Jun-25, 0 devices found
[    1.410042] EDD information not available.
[    1.500106] Freeing unused kernel memory: 1492K
[    1.501840] Write protecting the kernel read-only data: 14336k
[    1.504223] Freeing unused kernel memory: 1584K
[    1.505916] Freeing unused kernel memory: 52K
Loading, please wait...
starting version 229
[    1.523192] random: systemd-udevd: uninitialized urandom read (16 bytes read, 3 bits of entropy available)
[    1.524354] random: udevadm: uninitialized urandom read (16 bytes read, 3 bits of entropy available)
[    1.524390] random: udevadm: uninitialized urandom read (16 bytes read, 3 bits of entropy available)
[    1.530834] random: systemd-udevd: uninitialized urandom read (16 bytes read, 3 bits of entropy available)
[    1.533343] random: systemd-udevd: uninitialized urandom read (16 bytes read, 3 bits of entropy available)
[    1.535885] random: systemd-udevd: uninitialized urandom read (16 bytes read, 3 bits of entropy available)
[    1.539035] random: udevadm: uninitialized urandom read (16 bytes read, 3 bits of entropy available)
[    1.539116] random: udevadm: uninitialized urandom read (16 bytes read, 3 bits of entropy available)
[    1.539335] random: udevadm: uninitialized urandom read (16 bytes read, 3 bits of entropy available)
[    1.539429] random: udevadm: uninitialized urandom read (16 bytes read, 3 bits of entropy available)
[    1.604245] e1000: Intel(R) PRO/1000 Network Driver - version 7.3.21-k8-NAPI
[    1.606518] e1000: Copyright (c) 1999-2006 Intel Corporation.
[    1.611033] Fusion MPT base driver 3.04.20
[    1.612308] Copyright (c) 1999-2008 LSI Corporation
[    1.621087] Fusion MPT SPI Host driver 3.04.20
[    1.633859] AVX2 version of gcm_enc/dec engaged.
[    1.635467] AES CTR mode by8 optimization enabled
[    1.818251] input: ImExPS/2 Generic Explorer Mouse as /devices/platform/i8042/serio1/input/input4
[    1.984591] e1000 0000:00:03.0 eth0: (PCI:33MHz:32-bit) 02:a0:46:b5:71:eb
[    1.986696] e1000 0000:00:03.0 eth0: Intel(R) PRO/1000 Network Connection
[    1.989312] mptbase: ioc0: Initiating bringup
[    2.407724] ioc0: LSI53C1030 A0: Capabilities={Initiator}
[    4.679069] scsi host2: ioc0: LSI53C1030 A0, FwRev=00000000h, Ports=1, MaxQ=256, IRQ=20
[    5.651804] scsi 2:0:0:0: Direct-Access     VBOX     HARDDISK         1.0  PQ: 0 ANSI: 5
[    5.660785] scsi target2:0:0: Beginning Domain Validation
[    5.667677] scsi target2:0:0: Domain Validation skipping write tests
[    5.671458] scsi target2:0:0: Ending Domain Validation
[    5.674749] scsi target2:0:0: asynchronous
[    5.679184] scsi 2:0:1:0: Direct-Access     VBOX     HARDDISK         1.0  PQ: 0 ANSI: 5
[    5.684481] scsi target2:0:1: Beginning Domain Validation
[    5.694415] scsi target2:0:1: Domain Validation skipping write tests
[    5.714921] scsi target2:0:1: Ending Domain Validation
[    5.717062] scsi target2:0:1: asynchronous
[    5.736888] sd 2:0:0:0: Attached scsi generic sg0 type 0
[    5.739333] sd 2:0:0:0: [sda] 83886080 512-byte logical blocks: (42.9 GB/40.0 GiB)
[    5.743324] sd 2:0:1:0: Attached scsi generic sg1 type 0
[    5.744812] sd 2:0:1:0: [sdb] 20480 512-byte logical blocks: (10.5 MB/10.0 MiB)
[    5.748430] sd 2:0:0:0: [sda] Write Protect is off
[    5.749947] sd 2:0:1:0: [sdb] Write Protect is off
[    5.751360] sd 2:0:0:0: [sda] Incomplete mode parameter data
[    5.752953] sd 2:0:0:0: [sda] Assuming drive cache: write through
[    5.754555] sd 2:0:1:0: [sdb] Incomplete mode parameter data
[    5.756008] sd 2:0:1:0: [sdb] Assuming drive cache: write through
[    5.774976]  sda: sda1
[    5.777097] sd 2:0:0:0: [sda] Attached SCSI disk
[    5.920787] sd 2:0:1:0: [sdb] Attached SCSI disk
[    6.057128] e1000 0000:00:08.0 eth1: (PCI:33MHz:32-bit) 08:00:27:87:e2:dc
[    6.059035] e1000 0000:00:08.0 eth1: Intel(R) PRO/1000 Network Connection
[    6.062182] e1000 0000:00:03.0 enp0s3: renamed from eth0
[    6.083907] e1000 0000:00:08.0 enp0s8: renamed from eth1
Begin: Loading essential drivers ... [    7.687678] md: linear personality registered for level -1
[    7.692018] md: multipath personality registered for level -4
[    7.696200] md: raid0 personality registered for level 0
[    7.701475] md: raid1 personality registered for level 1
[    7.780076] raid6: sse2x1   gen()  9827 MB/s
[    7.856307] raid6: sse2x1   xor()  7468 MB/s
[    7.935573] raid6: sse2x2   gen() 10183 MB/s
[    8.013292] raid6: sse2x2   xor()  7604 MB/s
[    8.079773] raid6: sse2x4   gen() 11834 MB/s
[    8.151599] raid6: sse2x4   xor()  8166 MB/s
[    8.224461] raid6: avx2x1   gen() 16387 MB/s
[    8.300092] raid6: avx2x2   gen() 21456 MB/s
[    8.376407] raid6: avx2x4   gen() 20918 MB/s
[    8.377839] raid6: using algorithm avx2x2 gen() 21456 MB/s
[    8.379530] raid6: using avx2x2 recovery algorithm
[    8.387645] xor: automatically using best checksumming function:
[    8.427521]    avx       : 18437.000 MB/sec
[    8.430779] async_tx: api initialized (async)
[    8.446065] md: raid6 personality registered for level 6
[    8.447648] md: raid5 personality registered for level 5
[    8.448785] md: raid4 personality registered for level 4
[    8.457128] md: raid10 personality registered for level 10
done.
Begin: Running /scripts/init-premount ... done.
Begin: Mounting root file system ... Begin: Running /scripts/local-top ... done.
Begin: Running /scripts/local-premount ... [    8.494399] Btrfs loaded
Scanning for Btrfs filesystems
done.
[    9.142026] random: nonblocking pool is initialized
Warning: fsck not present, so skipping root file system
[    9.189729] EXT4-fs (sda1): INFO: recovery required on readonly filesystem
[    9.199566] EXT4-fs (sda1): write access will be enabled during recovery
[   13.892678] EXT4-fs (sda1): orphan cleanup on readonly fs
[   14.703679] EXT4-fs (sda1): 1 orphan inode deleted
[   14.711121] EXT4-fs (sda1): recovery complete
[   14.722083] EXT4-fs (sda1): mounted filesystem with ordered data mode. Opts: (null)
done.
Begin: Running /scripts/local-bottom ... done.
Begin: Running /scripts/init-bottom ... done.
[   18.196191] systemd[1]: systemd 229 running in system mode. (+PAM +AUDIT +SELINUX +IMA +APPARMOR +SMACK +SYSVINIT +UTMP +LIBCRYPTSETUP +GCRYPT +GNUTLS +ACL +XZ -LZ4 +SECCOMP +BLKID +ELFUTILS +KMOD -IDN)
[   18.210828] systemd[1]: Detected virtualization oracle.
[   18.213568] systemd[1]: Detected architecture x86-64.

Welcome to [1mUbuntu 16.04.7 LTS[0m!

[   18.573215] systemd[1]: Set hostname to <node>.
[   21.463413] systemd[1]: Configuration file /lib/systemd/system/kubelet.service is marked world-inaccessible. This has no effect as configuration data is accessible via APIs without restrictions. Proceeding anyway.
[   21.600961] systemd[1]: Configuration file /etc/systemd/system/kubelet.service.d/10-kubeadm.conf is marked world-inaccessible. This has no effect as configuration data is accessible via APIs without restrictions. Proceeding anyway.
[   23.205572] systemd[1]: Listening on udev Kernel Socket.
[[0;32m  OK  [0m] Listening on udev Kernel Socket.
[   23.220237] systemd[1]: Started Trigger resolvconf update for networkd DNS.
[[0;32m  OK  [0m] Started Trigger resolvconf update for networkd DNS.
[   23.239244] systemd[1]: Listening on udev Control Socket.
[[0;32m  OK  [0m] Listening on udev Control Socket.
[   23.255044] systemd[1]: Listening on LVM2 poll daemon socket.
[[0;32m  OK  [0m] Listening on LVM2 poll daemon socket.
[   23.266904] systemd[1]: Reached target User and Group Name Lookups.
[[0;32m  OK  [0m] Reached target User and Group Name Lookups.
[   23.274135] systemd[1]: Set up automount Arbitrary Executable File Formats File System Automount Point.
[[0;32m  OK  [0m] Set up automount Arbitrary Executab...ats File System Automount Point.
[   23.714415] systemd[1]: Listening on fsck to fsckd communication Socket.
[[0;32m  OK  [0m] Listening on fsck to fsckd communication Socket.
[   23.720178] systemd[1]: Listening on Syslog Socket.
[[0;32m  OK  [0m] Listening on Syslog Socket.
[   23.725482] systemd[1]: Listening on Journal Socket (/dev/log).
[[0;32m  OK  [0m] Listening on Journal Socket (/dev/log).
[   23.729771] systemd[1]: Reached target System Time Synchronized.
[[0;32m  OK  [0m] Reached target System Time Synchronized.
[   23.735413] systemd[1]: Listening on LVM2 metadata daemon socket.
[[0;32m  OK  [0m] Listening on LVM2 metadata daemon socket.
[   23.741029] systemd[1]: Created slice User and Session Slice.
[[0;32m  OK  [0m] Created slice User and Session Slice.
[   23.745395] systemd[1]: Listening on Journal Socket.
[[0;32m  OK  [0m] Listening on Journal Socket.
[   23.748541] systemd[1]: Listening on Device-mapper event daemon FIFOs.
[[0;32m  OK  [0m] Listening on Device-mapper event daemon FIFOs.
[   23.753457] systemd[1]: Reached target Swap.
[[0;32m  OK  [0m] Reached target Swap.
[   23.757429] systemd[1]: Reached target Encrypted Volumes.
[[0;32m  OK  [0m] Reached target Encrypted Volumes.
[   23.761380] systemd[1]: Created slice System Slice.
[[0;32m  OK  [0m] Created slice System Slice.
[   23.765859] systemd[1]: Created slice system-serial\x2dgetty.slice.
[[0;32m  OK  [0m] Created slice system-serial\x2dgetty.slice.
[   23.828280] systemd[1]: Starting Monitoring of LVM2 mirrors, snapshots etc. using dmeventd or progress polling...
         Starting Monitoring of LVM2 mirrors... dmeventd or progress polling...
[   23.852874] systemd[1]: Starting Create list of required static device nodes for the current kernel...
         Starting Create list of required st... nodes for the current kernel...
[   23.895567] systemd[1]: Starting File System Check on Root Device...
         Starting File System Check on Root Device...
[   23.940436] systemd[1]: Mounting POSIX Message Queue File System...
         Mounting POSIX Message Queue File System...
[   23.963443] systemd[1]: Starting Uncomplicated firewall...
         Starting Uncomplicated firewall...
[   23.978507] systemd[1]: Mounting Huge Pages File System...
         Mounting Huge Pages File System...
[   23.984406] systemd[1]: Listening on /dev/initctl Compatibility Named Pipe.
[[0;32m  OK  [0m] Listening on /dev/initctl Compatibility Named Pipe.
[   24.140548] systemd[1]: Starting Load Kernel Modules...
         Starting Load Kernel Modules...
[   24.169621] systemd[1]: Listening on Journal Audit Socket.
[[0;32m  OK  [0m] Listening on Journal Audit Socket.
[   24.204661] systemd[1]: Starting Journal Service...
         Starting Journal Service...
[   24.224387] systemd[1]: Reached target Slices.
[[0;32m  OK  [0m] Reached target Slices.
[   24.252730] systemd[1]: Starting Set console keymap...
         Starting Set console keymap...
[   24.273828] systemd[1]: Mounting Debug File System...
         Mounting Debug File System...
[   24.298119] systemd[1]: Starting Nameserver information manager...
         Starting Nameserver information manager...
[   24.316830] systemd[1]: Started Forward Password Requests to Wall Directory Watch.
[[0;32m  OK  [0m] Started Forward Password Requests to Wall Directory Watch.
[   24.329762] systemd[1]: Started Create list of required static device nodes for the current kernel.
[[0;32m  OK  [0m] Started Create list of required sta...ce nodes for the current kernel.
[   24.338356] systemd[1]: Started File System Check Daemon to report status.
[[0;32m  OK  [0m] Started File System Check Daemon to report status.
[   24.344602] systemd[1]: Starting Create Static Device Nodes in /dev...
         Starting Create Static Device Nodes in /dev...
[   24.497385] systemd[1]: Started Uncomplicated firewall.
[[0;32m  OK  [0m] Started Uncomplicated firewall.
[   24.618004] systemd[1]: Mounted Huge Pages File System.
[[0;32m  OK  [0m] Mounted Huge Pages File System.
[   24.669138] systemd[1]: Mounted Debug File System.
[[0;32m  OK  [0m] Mounted Debug File System.
[   24.691265] systemd[1]: Mounted POSIX Message Queue File System.
[[0;32m  OK  [0m] Mounted POSIX Message Queue File System.
[   24.920901] Loading iSCSI transport class v2.0-870.
[   24.974407] systemd[1]: Started Nameserver information manager.
[[0;32m  OK  [0m] Started Nameserver information manager.
[   24.995422] systemd[1]: Started File System Check on Root Device.
[[0;32m  OK  [0m] Started File System Check on Root Device.
[   25.002561] systemd[1]: Started LVM2 metadata daemon.
[[0;32m  OK  [0m] Started LVM2 metadata daemon.
[   25.010976] systemd[1]: Starting Remount Root and Kernel File Systems...
         Starting Remount Root and Kernel File Systems...
[   25.024217] systemd[1]: Started Journal Service.
[[0;32m  OK  [0m] Started Journal Service.
[[0;32m  OK  [0m] Started Set console keymap.
[   25.093108] iscsi: registered transport (tcp)
[   25.112165] EXT4-fs (sda1): re-mounted. Opts: (null)
[[0;32m  OK  [0m] Started Remount Root and Kernel File Systems.
         Starting Flush Journal to Persistent Storage...
         Starting Load/Save Random Seed...
         Starting udev Coldplug all Devices...
[[0;32m  OK  [0m] Started Load/Save Random Seed.
[   25.336585] systemd-journald[394]: Received request to flush runtime journal from PID 1
[[0;32m  OK  [0m] Started Flush Journal to Persistent Storage.
[[0;32m  OK  [0m] Started Create Static Device Nodes in /dev.
         Starting udev Kernel Device Manager...
[[0;32m  OK  [0m] Started udev Coldplug all Devices.
[   25.603181] iscsi: registered transport (iser)
[[0;32m  OK  [0m] Started Load Kernel Modules.
         Mounting FUSE Control File System...
         Starting Apply Kernel Variables...
[[0;32m  OK  [0m] Mounted FUSE Control File System.
[[0;32m  OK  [0m] Started Monitoring of LVM2 mirrors,...ng dmeventd or progress polling.
[[0;32m  OK  [0m] Reached target Local File Systems (Pre).
[[0;32m  OK  [0m] Reached target Local File Systems.
         Starting LSB: ebtables ruleset management...
         Starting Set console font and keymap...
         Starting Initial cloud-init job (pre-networking)...
         Starting LSB: AppArmor initialization...
         Starting Create Volatile Files and Directories...
         Starting Tell Plymouth To Write Out Runtime Data...
         Mounting /vagrant...
[[0;32m  OK  [0m] Started Apply Kernel Variables.
[[0;32m  OK  [0m] Started Tell Plymouth To Write Out Runtime Data.
[[0;1;31mFAILED[0m] Failed to mount /vagrant.
See 'systemctl status vagrant.mount' for details.
[[0;32m  OK  [0m] Started Create Volatile Files and Directories.
         Starting Update UTMP about System Boot/Shutdown...
[[0;32m  OK  [0m] Started Update UTMP about System Boot/Shutdown.
[[0;32m  OK  [0m] Started udev Kernel Device Manager.
[[0;32m  OK  [0m] Started LSB: ebtables ruleset management.
[[0;32m  OK  [0m] Started Dispatch Password Requests to Console Directory Watch.
[[0;32m  OK  [0m] Found device /dev/ttyS0.
[[0;32m  OK  [0m] Started Set console font and keymap.
[[0;32m  OK  [0m] Created slice system-getty.slice.
[[0;32m  OK  [0m] Listening on Load/Save RF Kill Switch Status /dev/rfkill Watch.
[[0;32m  OK  [0m] Found device 82540EM Gigabit Ethern...r (PRO/1000 MT Desktop Adapter).
[[0;32m  OK  [0m] Found device 82540EM Gigabit Ethern...r (PRO/1000 MT Desktop Adapter).
[[0;32m  OK  [0m] Started LSB: AppArmor initialization.
         Starting Load AppArmor profiles managed internally by snapd...
[[0;32m  OK  [0m] Started Load AppArmor profiles managed internally by snapd.
[   41.744353] cloud-init[484]: Cloud-init v. 21.1-19-gbad84ad4-0ubuntu1~16.04.2 running 'init-local' at Sat, 20 Nov 2021 01:41:04 +0000. Up 38.81 seconds.
[[0;32m  OK  [0m] Started Initial cloud-init job (pre-networking).
[[0;32m  OK  [0m] Reached target Network (Pre).
         Starting Raise network interfaces...
[[0;32m  OK  [0m] Started ifup for enp0s8.
[[0;32m  OK  [0m] Started ifup for enp0s3.
[[0;32m  OK  [0m] Started Raise network interfaces.
         Starting Initial cloud-init job (metadata service crawler)...
[[0;32m  OK  [0m] Reached target Network.
[   45.375768] cloud-init[1360]: Cloud-init v. 21.1-19-gbad84ad4-0ubuntu1~16.04.2 running 'init' at Sat, 20 Nov 2021 01:41:08 +0000. Up 43.32 seconds.
[   45.380911] cloud-init[1360]: ci-info: ++++++++++++++++++++++++++++++++++++++Net device info+++++++++++++++++++++++++++++++++++++++
[   45.387852] cloud-init[1360]: ci-info: +--------+------+-----------------------------+---------------+--------+-------------------+
[   45.389728] cloud-init[1360]: ci-info: | Device |  Up  |           Address           |      Mask     | Scope  |     Hw-Address    |
[   45.404681] cloud-init[1360]: ci-info: +--------+------+-----------------------------+---------------+--------+-------------------+
[   45.407294] cloud-init[1360]: ci-info: | enp0s3 | True |          10.0.2.15          | 255.255.255.0 | global | 02:a0:46:b5:71:eb |
[   45.409539] cloud-init[1360]: ci-info: | enp0s3 | True |  fe80::a0:46ff:feb5:71eb/64 |       .       |  link  | 02:a0:46:b5:71:eb |
[   45.411746] cloud-init[1360]: ci-info: | enp0s8 | True |        192.168.100.6        | 255.255.255.0 | global | 08:00:27:87:e2:dc |
[   45.413696] cloud-init[1360]: ci-info: | enp0s8 | True | fe80::a00:27ff:fe87:e2dc/64 |       .       |  link  | 08:00:27:87:e2:dc |
[   45.415632] cloud-init[1360]: ci-info: |   lo   | True |          127.0.0.1          |   255.0.0.0   |  host  |         .         |
[   45.418225] cloud-init[1360]: ci-info: |   lo   | True |           ::1/128           |       .       |  host  |         .         |
[   45.420879] cloud-init[1360]: ci-info: +--------+------+-----------------------------+---------------+--------+-------------------+
[   45.422780] cloud-init[1360]: ci-info: ++++++++++++++++++++++++++++Route IPv4 info+++++++++++++++++++++++++++++
[   45.435794] cloud-init[1360]: ci-info: +-------+---------------+----------+---------------+-----------+-------+
[   45.438214] cloud-init[1360]: ci-info: | Route |  Destination  | Gateway  |    Genmask    | Interface | Flags |
[   45.440617] cloud-init[1360]: ci-info: +-------+---------------+----------+---------------+-----------+-------+
[   45.442912] cloud-init[1360]: ci-info: |   0   |    0.0.0.0    | 10.0.2.2 |    0.0.0.0    |   enp0s3  |   UG  |
[   45.445045] cloud-init[1360]: ci-info: |   1   |    10.0.2.0   | 0.0.0.0  | 255.255.255.0 |   enp0s3  |   U   |
[   45.447115] cloud-init[1360]: ci-info: |   2   | 192.168.100.0 | 0.0.0.0  | 255.255.255.0 |   enp0s8  |   U   |
[   45.464904] cloud-init[1360]: ci-info: +-------+---------------+----------+---------------+-----------+-------+
[   45.468498] cloud-init[1360]: ci-info: +++++++++++++++++++Route IPv6 info+++++++++++++++++++
[   45.470502] cloud-init[1360]: ci-info: +-------+-------------+---------+-----------+-------+
[   45.472353] cloud-init[1360]: ci-info: | Route | Destination | Gateway | Interface | Flags |
[   45.474073] cloud-init[1360]: ci-info: +-------+-------------+---------+-----------+-------+
[   45.476743] cloud-init[1360]: ci-info: |   0   |  fe80::/64  |    ::   |   enp0s8  |   U   |
[   45.482281] cloud-init[1360]: ci-info: |   1   |  fe80::/64  |    ::   |   enp0s3  |   U   |
[   45.482487] cloud-init[1360]: ci-info: |   4   |   ff00::/8  |    ::   |   enp0s8  |   U   |
[[0;32m  OK  [0m] Started Initial cloud-init job (metadata service crawler).
[   45.482672] cloud-init[1360]: ci-info: |   5   |   ff00::/8  |    ::   |   enp0s3  |   U   |
[   45.488484] cloud-init[1360]: ci-info: +-------+-------------+---------+-----------+-------+
[[0;32m  OK  [0m] Reached target System Initialization.
[[0;32m  OK  [0m] Started Ubuntu Advantage update messaging.
[[0;32m  OK  [0m] Listening on D-Bus System Message Bus Socket.
[[0;32m  OK  [0m] Started Daily Cleanup of Temporary Directories.
[[0;32m  OK  [0m] Started ACPI Events Check.
[[0;32m  OK  [0m] Reached target Paths.
[[0;32m  OK  [0m] Started Message of the Day.
[[0;32m  OK  [0m] Started Daily apt download activities.
[[0;32m  OK  [0m] Started Daily apt upgrade and clean activities.
[[0;32m  OK  [0m] Listening on UUID daemon activation socket.
         Starting Socket activation for snappy daemon.
[[0;32m  OK  [0m] Reached target Timers.
[[0;32m  OK  [0m] Listening on ACPID Listen Socket.
         Starting LXD - unix socket.
         Starting Docker Socket for the API.
[[0;32m  OK  [0m] Reached target Network is Online.
         Starting iSCSI initiator daemon (iscsid)...
[[0;32m  OK  [0m] Reached target Cloud-config availability.
[[0;32m  OK  [0m] Listening on Socket activation for snappy daemon.
[[0;32m  OK  [0m] Listening on LXD - unix socket.
[[0;32m  OK  [0m] Listening on Docker Socket for the API.
[[0;32m  OK  [0m] Reached target Sockets.
[[0;32m  OK  [0m] Reached target Basic System.
         Starting LSB: Record successful boot for GRUB...
         Starting Accounts Service...
         Starting LXD - container startup/shutdown...
[[0;32m  OK  [0m] Started Deferred execution scheduler.
         Starting Virtualbox guest utils...
[[0;32m  OK  [0m] Started kubelet: The Kubernetes Node Agent.
[[0;32m  OK  [0m] Started Regular background program processing daemon.
         Starting System Logging Service...
[[0;32m  OK  [0m] Started ACPI event daemon.
         Starting Login Service...
         Starting Ubuntu FAN network setup...
         Starting OpenBSD Secure Shell server...
         Starting LSB: MD monitoring daemon...
[[0;32m  OK  [0m] Started D-Bus System Message Bus.
         Starting containerd container runtime...
[[0;32m  OK  [0m] Started FUSE filesystem for LXC.
         Starting /etc/rc.local Compatibility...
         Starting Snap Daemon...
[[0;32m  OK  [0m] Started System Logging Service.
[[0;32m  OK  [0m] Started Ubuntu FAN network setup.
[[0;32m  OK  [0m] Started OpenBSD Secure Shell server.
[[0;32m  OK  [0m] Started /etc/rc.local Compatibility.
[[0;32m  OK  [0m] Started containerd container runtime.
[[0;32m  OK  [0m] Started Login Service.
[[0;32m  OK  [0m] Started Unattended Upgrades Shutdown.
         Starting Docker Application Container Engine...
[[0;32m  OK  [0m] Started iSCSI initiator daemon (iscsid).
         Starting Login to default iSCSI targets...
[[0;32m  OK  [0m] Started LSB: MD monitoring daemon.
[[0;32m  OK  [0m] Started LSB: Record successful boot for GRUB.
[[0;32m  OK  [0m] Started Login to default iSCSI targets.
[[0;32m  OK  [0m] Reached target Remote File Systems (Pre).
[[0;32m  OK  [0m] Reached target Remote File Systems.
         Starting LSB: Set the CPU Frequency Scaling governor to "ondemand"...
         Starting LSB: Set up cgroupfs mounts....
         Starting Permit User Sessions...
         Starting LSB: daemon to balance interrupts for SMP systems...
         Starting LSB: automatic crash report generation...
         Starting Authenticate and Authorize Users to Run Privileged Tasks...
[[0;32m  OK  [0m] Started LSB: Set the CPU Frequency Scaling governor to "ondemand".
[[0;32m  OK  [0m] Started LSB: Set up cgroupfs mounts..
[[0;32m  OK  [0m] Started Permit User Sessions.
         Starting Terminate Plymouth Boot Screen...
         Starting Hold until boot process finishes up...
[[0;32m  OK  [0m] Started LSB: daemon to balance interrupts for SMP systems.
[[0;32m  OK  [0m] Started Terminate Plymouth Boot Screen.
[[0;32m  OK  [0m] Started Hold until boot process finishes up.
[[0;32m  OK  [0m] Started Getty on tty1.
         Starting Set console scheme...
[[0;32m  OK  [0m] Started Serial Getty on ttyS0.
[[0;32m  OK  [0m] Reached target Login Prompts.
[[0;32m  OK  [0m] Started LSB: automatic crash report generation.
[[0;32m  OK  [0m] Started Set console scheme.
[[0;32m  OK  [0m] Started Authenticate and Authorize Users to Run Privileged Tasks.
[[0;32m  OK  [0m] Started Accounts Service.
[[0;32m  OK  [0m] Started Virtualbox guest utils.
[[0;32m  OK  [0m] Created slice User Slice of vagrant.
         Starting User Manager for UID 1000...
[[0;32m  OK  [0m] Started Session 1 of user vagrant.
[[0;32m  OK  [0m] Started User Manager for UID 1000.
[[0;32m  OK  [0m] Started LXD - container startup/shutdown.

Ubuntu 16.04.7 LTS node ttyS0

node login: [   55.619248] cloud-init[1768]: Cloud-init v. 21.1-19-gbad84ad4-0ubuntu1~16.04.2 running 'modules:config' at Sat, 20 Nov 2021 01:41:20 +0000. Up 55.09 seconds.
[   68.005909] cloud-init[2456]: Cloud-init v. 21.1-19-gbad84ad4-0ubuntu1~16.04.2 running 'modules:final' at Sat, 20 Nov 2021 01:41:32 +0000. Up 67.41 seconds.
[   68.006763] cloud-init[2456]: Cloud-init v. 21.1-19-gbad84ad4-0ubuntu1~16.04.2 finished at Sat, 20 Nov 2021 01:41:33 +0000. Datasource DataSourceNoCloud [seed=/dev/sdb][dsmode=net].  Up 67.98 seconds
[[0;32m  OK  [0m] Stopped target Cloud-init target.
         Stopping User Manager for UID 1000...
         Stopping Session 6 of user vagrant.
         Stopping libcontainer container d5a...f8e928d12353aa2b1726431c78171ea.
         Unmounting /vagrant...
         Stopping ACPI event daemon...
[[0;32m  OK  [0m] Stopped target Graphical Interface.
         Stopping libcontainer container 8f3...949944d740f6f591e00f118599d0b27.
         Stopping libcontainer container 61d...3c58f9e9e80a96652d3ebd3fd0a3b92.
         Stopping libcontainer container 10e...9752d457c568f0d2158e2533289024d.
[[0;32m  OK  [0m] Closed Load/Save RF Kill Switch Status /dev/rfkill Watch.
         Stopping Authenticate and Authorize Users to Run Privileged Tasks...
[[0;32m  OK  [0m] Stopped Execute cloud user/final scripts.
[[0;32m  OK  [0m] Stopped target Multi-User System.
         Stopping Ubuntu FAN network setup...
         Stopping Docker Application Container Engine...
         Stopping Regular background program processing daemon...
         Stopping LSB: MD monitoring daemon...
         Stopping LSB: Record successful boot for GRU
         Stopping LSB: daemon to balance interrupts for SMP systems...
         Stopping Virtualbox guest utils...
         Stopping LSB: Set the CPU Frequency Scaling governor to "ondemand"...
[[0;32m  OK  [0m] Stopped Apply the settings specified in cloud-config.
[[0;32m  OK  [0m]         Stopping Authenticate and Authorize Users to Run Privileged Tasks...
         Stopping Session 7 of user vagrant.
         Stopping libcontainer container 8fa...75ece8d161f0d696ca46787ec295bb0.
         Stopping libcontainer container d9a...f0cec0acc88734d533cccb6fb2f7e5e.
         Stopping libcontainer container b2b...b7e1814ade0951863465512e0ff8cc5.
         Stopping Session 4 of user vagrant.
[[0;32m  OK  [0m] Closed Load/Save RF Kill Switch Status /dev/rfkill Watch.
         Stopping libcontainer container f8e...17434f2cc4fafb09fd933337c9b5a09.
         Stopping User Manager for UID 1000...
         Stopping ACPI event daemon...
         Stopping libcontainer container 8f2...d8f5368b7942493121aa267d98c6279.
         Stopping libcontainer container 12c...9e7dd6ca56321e5edfda3246c11fa48.
         Unmounting /vagrant...
[[0;32m  OK  [0m] Stopped target Cloud-init target.
[[0;32m  OK  [0m] Stopped Execute cloud user/final scripts.
[[0;32m  OK  [0m] Stopped Apply the settings specified in cloud-config.
         Stopping Session 2 of user vagrant.
         Stopping libcontainer container 502...e3844d7195f92ea29c328fb984aa3ae.
         Stopping libcontainer container ec5...6e5bab62f742e418e2c5c6678aa73ea.
         Stopping libcontainer container 502...158b324383356ec839ecec146fbc87b.
         Stopping libcontainer container 74d...cedc81aab66bc2b7f263c1396a7f4e3.
         Stopping libcontainer container 60d...fcac9bdb050d423814c27a912c69576.
         Stopping libcontainer container f3e...8f12e1dea5d037f5969d7375895a317.
         Stopping libcontainer container 3f2...d479fef0ca64daeb3211af1211c3f31.
         Stopping libcontainer container 7e1...90f0f7ec33e63d241f4ea2b3f9118d0.
[[0;32m  OK  [0m] Stopped target Graphical Interface.
         Stopping Accounts Service...
[[0;32m  OK  [0m] Stopped target Cloud-config availability.
[[0;32m  OK  [0m] Stopped target Multi-User System.
         Stopping Virtualbox guest utils...
         Stopping LSB: MD monitoring daemon...
         Stopping LXD - container startup/shutdown...
         Stopping Ubuntu FAN network setup...
         Stopping kubelet: The Kubernetes Node Agent...
         Stopping Regular background program processing daemon...
         Stopping D-Bus System Message Bus...
[[0;32m  OK  [0m] Stopped target Login Prompts.
         Stopping Getty on tty1...
         Stopping Serial Getty on ttyS0...
         Stopping Deferred execution scheduler...
         Stopping Docker Application Container Engine...
         Stopping FUSE filesystem for LXC...
         Stopping System Logging Service...
[[0;32m  OK  [0m] Stopped Wait until snapd is fully seeded.
         Stopping LSB: Record successful boot for GRUB...
         Stopping OpenBSD Secure Shell server...
         Stoppin         Stopping LSB: daemon to balance interrupts for SMP systems...
         Stopping LSB: Set the CPU Frequency Scaling governor to "ondemand"...
         Stopping LSB: automatic crash report generation...
[[0;32m  OK  [0m] Stopped target Timers.
[[0;32m  OK  [0m] Stopped Ubuntu Advantage update messaging.
[[0;32m  OK  [0m] Stopped Daily Cleanup of Temporary Directories.
[[0;32m  OK  [0m] Stopped Message of the Day.
[[0;32m  OK  [0m] Stopped Daily apt upgrade and clean activities.
[[0;32m  OK  [0m] Stopped Daily apt download activities.
[[0;32m  OK  [0m] Stopped target System Time Synchronized.
[[0;32m  OK  [0m] Unmounted /var/lib/lxcfs.
[[0;32m  OK  [0m] Stopped Accounts Service.
[[0;32m  OK  [0m] Stopped ACPI event daemon.
[[0;32m  OK  [0m] Stopped Regular background program processing daemon.
[[0;32m  OK  [0m] Stopped kubelet: The Kubernetes Node Agent.
[[0;32m  OK  [0m] Stopped Deferred execution scheduler.
[[0;32m  OK  [0m] Stopped System Logging Service.
[[0;32m  OK  [0m] Stopped Authenticate and Authorize Users to Run Privileged Tasks.
[[0;32m  OK  [0m] Stopped Serial Getty on ttyS0.
[[0;32m  OK  [0m] Stopped Getty on tty1.
[[0;32m  OK  [0m] Stopped OpenBSD Secure Shell server.
[[0;32m  OK  [0m] Stopped User Manager for UID 1000.
[[0;32m  OK  [0m] Stopped Session 7 of user vagrant.
[[0;32m  OK  [0m] Unmounted /vagrant.
[[0;32m  OK  [0m] Stopped Ubuntu FAN network setup.
[[0;32m  OK  [0m] Stopped D-Bus System Message Bus.
[[0;32m  OK  [0m] Stopped LSB: Set up cgroupfs mounts..
[[0;32m  OK  [0m] Stopped FUSE filesystem for LXC.
[[0;32m  OK  [0m] Stopped libcontainer container 12c5...9e7dd6ca56321e5edfda3246c11fa48.
[[0;32m  OK  [0m] Stopped libcontainer container d9af...f0cec0acc88734d533cccb6fb2f7e5e.
[[0;32m  OK  [0m] Stopped libcontainer container 8fa4...75ece8d161f0d696ca46787ec295bb0.
[[0;32m  OK  [0m] Stopped libcontainer container 8f2a...d8f5368b7942493121aa267d98c6279.
[[0;32m  OK  [0m] Stopped libcontainer container f8e5...17434f2cc4fafb09fd933337c9b5a09.
[[0;32m  OK  [0m] Stopped libcontainer container 502e...e3844d7195f92ea29c328fb984aa3ae.
[[0;32m  OK  [0m] Stopped libcontainer container 60d4...fcac9bdb050d423814c27a912c69576.
[[0;32m  OK  [0m] Stopped libcontainer container 74db...cedc81aab66bc2b7f263c1396a7f4e3.
[[0;32m  OK  [0m] Stopped libcontainer container ec59...6e5bab62f742e418e2c5c6678aa73ea.
[[0;32m  OK  [0m] Stopped libcontainer container 3f27...d479fef0ca64daeb3211af1211c3f31.
[[0;32m  OK  [0m] Stopped libcontainer container 7e1e...90f0f7ec33e63d241f4ea2b3f9118d0.
[[0;32m  OK  [0m] Stopped libcontainer container f3ec...8f12e1dea5d037f5969d7375895a317.
[[0;32m  OK  [0m] Stopped LXD - container startup/shutdown.
[[0;32m  OK  [0m] Stopped LSB: Record successful boot for GRUB.
[[0;32m  OK  [0m] Stopped LSB: daemon to balance interrupts for SMP systems.
[[0;32m  OK  [0m] Stopped Session 4 of user vagrant.
[[0;32m  OK  [0m] Stopped Session 2 of user vagrant.
[[0;32m  OK  [0m] Stopped Virtualbox guest utils.
[[0;32m  OK  [0m] Stopped LSB: Set the CPU Frequency Scaling governor to "ondemand".
[[0;32m  OK  [0m] Stopped LSB: automatic crash report generation.
[[0;32m  OK  [0m] Stopped LSB: MD monitoring daemon.
[[0;32m  OK  [0m] Stopped User Manager for UID 1000.
[[0;32m  OK  [0m] Removed slice libcontainer_16324_systemd_test_default.slice.
[[0;32m  OK  [0m] Removed slice libcontainer_16396_systemd_test_default.slice.
[[0;32m  OK  [0m] Removed slice libcontainer_16323_systemd_test_default.slice.
[[0;32m  OK  [0m] Removed slice libcontainer_16340_systemd_test_default.slice.
[[0;32m  OK  [0m] Removed slice libcontainer_16339_systemd_test_default.slice.
[[0;32m  OK  [0m] Removed slice libcontainer_16347_systemd_test_default.slice.
[[0;32m  OK  [0m] Removed slice libcontainer_16321_systemd_test_default.slice.
[[0;32m  OK  [0m] Removed slice libcontainer_16330_systemd_test_default.slice.
[[0;32m  OK  [0m] Removed slice libcontainer_16356_systemd_test_default.slice.
[[0;32m  OK  [0m] Removed slice libcontainer_16333_systemd_test_default.slice.
[[0;32m  OK  [0m] Removed slice libcontainer_16338_systemd_test_default.slice.
[[0;32m  OK  [0m] Removed slice libcontainer_16351_systemd_test_default.slice.
[[0;32m  OK  [0m] Removed slice libcontainer_16341_systemd_test_default.slice.
[[0;32m  OK  [0m] Removed slice libcontainer_16336_systemd_test_default.slice.
[[0;32m  OK  [0m] Removed slice libcontainer containe...ef_4682_9124_a6a589e07ada.slice.
[[0;32m  OK  [0m] Removed slice libcontainer container kubepods-besteffort.slice.
[[0;32m  OK  [0m] Removed slice libcontainer containe...40be295f19d6391ab76642648.slice.
[[0;32m  OK  [0m] Removed slice libcontainer containe...a0dd142619e9ee94096df5518.slice.
[[0;32m  OK  [0m] Removed slice libcontainer containe...73fa64600926e051cc00d450a.slice.
[[0;32m  OK  [0m] Removed slice libcontainer containe...79_4a64_8f51_4b99cd80bf33.slice.
[[0;32m  OK  [0m] Removed slice User Slice of vagrant.
         Stopping Login Service...
[[0;32m  OK  [0m] Removed slice system-getty.slice.
[[0;32m  OK  [0m] Removed slice system-serial\x2dgetty.slice.
         Stopping Permit User Sessions...
[[0;32m  OK  [0m] Stopped /etc/rc.local Compatibility.
[[0;32m  OK  [0m] Stopped Permit User Sessions.
[[0;32m  OK  [0m] Stopped libcontainer container b2b6...b7e1814ade0951863465512e0ff8cc5.
[[0;32m  OK  [0m] Removed slice User Slice of vagrant.
[[0;32m  OK  [0m] Removed slice libcontainer containe...8681df60e8c6ebf70a35d7041.slice.
[[0;32m  OK  [0m] Stopped target Remote File Systems.
[[0;32m  OK  [0m] Stopped target Remote File Systems (Pre).
         Stopping Login to default iSCSI targets...
[[0;32m  OK  [0m] Stopped Login Service.
[[0;32m  OK  [0m] Removed slice libcontainer_16528_systemd_test_default.slice.
[[0;32m  OK  [0m] Stopped target User and Group Name Lookups.
[[0;32m  OK  [0m] Removed slice libcontainer_16568_systemd_test_default.slice.
[[0;32m  OK  [0m] Removed slice libcontainer_16563_systemd_test_default.slice.
[[0;32m  OK  [0m] Removed slice libcontainer_16526_systemd_test_default.slice.
[[0;32m  OK  [0m] Removed slice libcontainer_16563_systemd_test_default.slice.
[[0;32m  OK  [0m] Removed slice libcontainer_16526_systemd_test_default.slice.
[[0;32m  OK  [0m] Removed slice libcontainer_16540_systemd_test_default.slice.
[[0;32m  OK  [0m] Removed slice libcontainer_16528_systemd_test_default.slice.
[[0;32m  OK  [0m] Removed slice libcontainer_16568_systemd_test_default.slice.
[[0;32m  OK  [0m] Removed slice libcontainer_16542_systemd_test_default.slice.
[[0;32m  OK  [0m] Removed slice libcontainer_16539_systemd_test_default.slice.
[[0;32m  OK  [0m] Removed slice libcontainer_16539_systemd_test_default.slice.
[[0;32m  OK  [0m] Removed slice libcontainer_16540_systemd_test_default.slice.
[[0;32m  OK  [0m] Removed slice libcontainer_16540_systemd_test_default.slice.
[[0;32m  OK  [0m] Removed slice libcontainer_16542_systemd_test_default.slice.
[[0;32m  OK  [0m] Removed slice libcontainer_16544_systemd_test_default.slice.
[[0;32m  OK  [0m] Removed slice libcontainer_16544_systemd_test_default.slice.
[[0;32m  OK  [0m] Removed slice libcontainer_16538_systemd_test_default.slice.
[[0;32m  OK  [0m] Removed slice libcontainer_16544_systemd_test_default.slice.
[[0;32m  OK  [0m] Removed slice libcontainer_16543_systemd_test_default.slice.
[[0;32m  OK  [0m] Removed slice libcontainer_16542_systemd_test_default.slice.
[[0;32m  OK  [0m] Removed slice libcontainer_16538_systemd_test_default.slice.
[[0;32m  OK  [0m] Removed slice libcontainer_16545_systemd_test_default.slice.
[[0;32m  OK  [0m] Stopped Login to default iSCSI targets.
         Stopping iSCSI initiator daemon (iscsid)...
[[0;32m  OK  [0m] Stopped iSCSI initiator daemon (iscsid).
[[0;32m  OK  [0m] Removed slice libcontainer_16630_systemd_test_default.slice.
[[0;32m  OK  [0m] Removed slice libcontainer_16645_systemd_test_default.slice.
[[0;32m  OK  [0m] Removed slice libcontainer_16645_systemd_test_default.slice.
[[0;32m  OK  [0m] Removed slice libcontainer_16670_systemd_test_default.slice.
[[0;32m  OK  [0m] Removed slice libcontainer_16670_systemd_test_default.slice.
[[0;32m  OK  [0m] Removed slice libcontainer_16646_systemd_test_default.slice.
[[0;32m  OK  [0m] Removed slice libcontainer_16646_systemd_test_default.slice.
[[0;32m  OK  [0m] Removed slice libcontainer_16704_systemd_test_default.slice.
[[0;32m  OK  [0m] Removed slice libcontainer_16705_systemd_test_default.slice.
[[0;32m  OK  [0m] Removed slice libcontainer_16702_systemd_test_default.slice.
[[0;32m  OK  [0m] Removed slice libcontainer_16709_systemd_test_default.slice.
[[0;32m  OK  [0m] Removed slice libcontainer_16702_systemd_test_default.slice.
[[0;32m  OK  [0m] Removed slice libcontainer_16644_systemd_test_default.slice.
[[0;32m  OK  [0m] Removed slice libcontainer_16709_systemd_test_default.slice.
[[0;32m  OK  [0m] Removed slice libcontainer_16704_systemd_test_default.slice.
[[0;32m  OK  [0m] Removed slice libcontainer_16705_systemd_test_default.slice.
[[0;32m  OK  [0m] Removed slice libcontainer_16704_systemd_test_default.slice.
[[0;32m  OK  [0m] Removed slice libcontainer_16670_systemd_test_default.slice.
[[0;32m  OK  [0m] Removed slice libcontainer_16705_systemd_test_default.slice.
[[0;32m  OK  [0m] Removed slice libcontainer_16644_systemd_test_default.slice.
[[0;32m  OK  [0m] Unmounted /var/lib/docker/container...92ea29c328fb984aa3ae/mounts/shm.
[[0;32m  OK  [0m] Removed slice libcontainer_16630_systemd_test_default.slice.
[[0;32m  OK  [0m] Unmounted /var/lib/docker/overlay2/...69973e28770ca74451429a33/merged.
[[0;32m  OK  [0m] Unmounted /run/docker/netns/3f384a383d20.
[[0;32m  OK  [0m] Removed slice libcontainer_16709_systemd_test_default.slice.
[[0;32m  OK  [0m] Unmounted /var/lib/docker/container...4daeb3211af1211c3f31/mounts/shm.
[[0;32m  OK  [0m] Unmounted /var/lib/docker/overlay2/...577f8416561ee8256e2f3a30/merged.
[[0;32m  OK  [0m] Removed slice libcontainer_16668_systemd_test_default.slice.
[[0;32m  OK  [0m] Removed slice libcontainer_16668_systemd_test_default.slice.
[[0;32m  OK  [0m] Removed slice libcontainer_16703_systemd_test_default.slice.
[[0;32m  OK  [0m] Removed slice libcontainer_16703_systemd_test_default.slice.
[[0;32m  OK  [0m] Removed slice libcontainer_16644_systemd_test_default.slice.
[[0;32m  OK  [0m] Unmounted /var/lib/docker/overlay2/...cfd0b98eacd656f2922b2364/merged.
[[0;32m  OK  [0m] Removed slice libcontainer_16685_systemd_test_default.slice.
[[0;32m  OK  [0m] Unmounted /var/lib/docker/overlay2/...85b987047a581574f43615d0/merged.
[[0;32m  OK  [0m] Unmounted /var/lib/docker/overlay2/...a3f959dd72bb14bbcbce456f/merged.
[[0;32m  OK  [0m] Removed slice libcontainer_16685_systemd_test_default.slice.
[[0;32m  OK  [0m] Removed slice libcontainer_16667_systemd_test_default.slice.
[[0;32m  OK  [0m] Removed slice libcontainer_16755_systemd_test_default.slice.
[[0;32m  OK  [0m] Removed slice libcontainer_16755_systemd_test_default.slice.
[[0;32m  OK  [0m] Removed slice libcontainer_16755_systemd_test_default.slice.
[[0;32m  OK  [0m] Removed slice libcontainer_16667_systemd_test_default.slice.
[[0;32m  OK  [0m] Removed slice libcontainer_16667_systemd_test_default.slice.
[[0;32m  OK  [0m] Unmounted /var/lib/docker/container...afb09fd933337c9b5a09/mounts/shm.
[[0;32m  OK  [0m] Unmounted /var/lib/docker/overlay2/...24eca1eb28a8dc7170b4057d/merged.
[[0;32m  OK  [0m] Unmounted /var/lib/docker/container...d423814c27a912c69576/mounts/shm.
[[0;32m  OK  [0m] Unmounted /var/lib/docker/container...2493121aa267d98c6279/mounts/shm.
[[0;32m  OK  [0m] Unmounted /var/lib/docker/overlay2/...812fcd05d8f8b62b696a44b8/merged.
[[0;32m  OK  [0m] Unmounted /var/lib/docker/overlay2/...7f7735e88ffd5fedc5f9f206/merged.
[[0;32m  OK  [0m] Unmounted /var/lib/docker/overlay2/...e0e3723570f2a0cbd048b038/merged.
[[0;32m  OK  [0m] Unmounted /var/lib/docker/container...21e5edfda3246c11fa48/mounts/shm.
[[0;32m  OK  [0m] Unmounted /var/lib/docker/overlay2/...dbc9da6b218bbb65f2f77d95/merged.
[[0;32m  OK  [0m] Removed slice libcontainer_16763_systemd_test_default.slice.
[[0;32m  OK  [0m] Removed slice libcontainer_16763_systemd_test_default.slice.
[[0;32m  OK  [0m] Unmounted /var/lib/docker/container...bc2b7f263c1396a7f4e3/mounts/shm.
[[0;32m  OK  [0m] Removed slice libcontainer_16763_systemd_test_default.slice.
[[0;32m  OK  [0m] Unmounted /var/lib/docker/overlay2/...b401896764dcbf1aba224038/merged.
[[0;32m  OK  [0m] Unmounted /var/lib/docker/overlay2/...7df238581c664e2c16fc76ee/merged.
[[0;32m  OK  [0m] Unmounted /var/lib/docker/overlay2/...f285a353024abcb0a788988e/merged.
[[0;32m  OK  [0m] Stopped libcontainer container 502b...158b324383356ec839ecec146fbc87b.
[[0;32m  OK  [0m] Removed slice libcontainer containe...36_4d10_8a87_5982334ab6ff.slice.
[[0;32m  OK  [0m] Removed slice libcontainer container kubepods-burstable.slice.
[[0;32m  OK  [0m] Removed slice libcontainer container kubepods.slice.
[[0;32m  OK  [0m] Removed slice libcontainer_16788_systemd_test_default.slice.
[[0;32m  OK  [0m] Removed slice libcontainer_16788_systemd_test_default.slice.
[[0;32m  OK  [0m] Removed slice libcontainer_16788_systemd_test_default.slice.
[[0;32m  OK  [0m] Removed slice libcontainer_16794_systemd_test_default.slice.
[[0;32m  OK  [0m] Removed slice libcontainer_16794_systemd_test_default.slice.
[[0;32m  OK  [0m] Removed slice libcontainer_16794_systemd_test_default.slice.
[[0;32m  OK  [0m] Unmounted /var/lib/docker/overlay2/...ef297663857c31171aac7018/merged.
[[0;32m  OK  [0m] Stopped Docker Application Container Engine.
         Stopping containerd container runtime...
[[0;32m  OK  [0m] Stopped target Network is Online.
[[0;32m  OK  [0m] Stopped containerd container runtime.
[[0;32m  OK  [0m] Stopped target Basic System.
[[0;32m  OK  [0m] Stopped target Paths.
[[0;32m  OK  [0m] Stopped Forward Password Requests to Wall Directory Watch.
[[0;32m  OK  [0m] Stopped ACPI Events Check.
[[0;32m  OK  [0m] Stopped Dispatch Password Requests to Console Directory Watch.
[[0;32m  OK  [0m] Stopped target Sockets.
[[0;32m  OK  [0m] Closed D-Bus System Message Bus Socket.
[[0;32m  OK  [0m] Closed UUID daemon activation socket.
[[0;32m  OK  [0m] Closed Syslog Socket.
[[0;32m  OK  [0m] Closed Socket activation for snappy daemon.
[[0;32m  OK  [0m] Closed Docker Socket for the API.
[[0;32m  OK  [0m] Closed ACPID Listen Socket.
[[0;32m  OK  [0m] Closed LXD - unix socket.
[[0;32m  OK  [0m] Stopped target Slices.
[[0;32m  OK  [0m] Removed slice User and Session Slice.
[[0;32m  OK  [0m] Stopped target System Initialization.
         Stopping LSB: ebtables ruleset management...
[[0;32m  OK  [0m] Stopped Initial cloud-init job (metadata service crawler).
         Stopping Load/Save Random Seed...
[[0;32m  OK  [0m] Stopped target Encrypted Volumes.
[[0;32m  OK  [0m] Stopped Create Volatile Files and Directories.
[[0;32m  OK  [0m] Stopped target Swap.
[[0;32m  OK  [0m] Stopped target Network.
         Stopping Raise network interfaces...
[[0;32m  OK  [0m] Stopped Load/Save Random Seed.
[[0;32m  OK  [0m] Stopped LSB: ebtables ruleset management.
[[0;32m  OK  [0m] Stopped Raise network interfaces.
[[0;32m  OK  [0m] Stopped target Local File Systems.
         Unmounting /var/lib/kubelet/pods/b7...ojected/kube-api-access-j2b6m...
         Unmounting /run/user/1000...
         Unmounting /var/lib/kubelet/pods/e1...ojected/kube-api-access-9nhgb...
         Unmounting /var/lib/kubelet/pods/be...ojected/kube-api-access-86wkt...
         Unmounting /run/docker/netns/default...
[[0;32m  OK  [0m] Stopped Apply Kernel Variables.
[[0;32m  OK  [0m] Stopped Load Kernel Modules.
[[0;32m  OK  [0m] Stopped target Network (Pre).
[[0;32m  OK  [0m] Stopped Initial cloud-init job (pre-networking).
[[0;32m  OK  [0m] Unmounted /var/lib/kubelet/pods/b7c...projected/kube-api-access-j2b6m.
[[0;32m  OK  [0m] Unmounted /run/user/1000.
[[0;32m  OK  [0m] Unmounted /var/lib/kubelet/pods/e18...projected/kube-api-access-9nhgb.
[[0;32m  OK  [0m] Unmounted /var/lib/kubelet/pods/be3...projected/kube-api-access-86wkt.
[[0;32m  OK  [0m] Unmounted /run/docker/netns/default.
[[0;32m  OK  [0m] Reached target Unmount All Filesystems.
[[0;32m  OK  [0m] Stopped target Local File Systems (Pre).
[[0;32m  OK  [0m] Stopped Create Static Device Nodes in /dev.
[[0;32m  OK  [0m] Stopped Remount Root and Kernel File Systems.
[[0;32m  OK  [0m] Reached target Shutdown.
[10727.496977] reboot: Power down
